Microchip MPLAB XC8 Compiler V2.32

Linker command line:

-W-3 --edf=C:\Program Files\Microchip\xc8\v2.32\pic\dat\en_msgs.txt -cn \
  -h+dist/default/production\Projeto_final.X.production.sym \
  --cmf=dist/default/production\Projeto_final.X.production.cmf -z -Q18F4520 \
  -oC:\Users\alvar\AppData\Local\Temp\xcAsf68.4 --defsym=__MPLAB_BUILD=1 \
  -Mdist/default/production/Projeto_final.X.production.map -E1 \
  -ver=XC8 Compiler --acfsm=1493 -ASTACK=098h-05FFh -pstack=STACK \
  -ACODE=00h-07FFFh -ACONST=00h-07FFFh -ASMALLCONST=0600h-06FFhx122 \
  -AMEDIUMCONST=0600h-07FFFh -ACOMRAM=01h-07Fh -AABS1=00h-05FFh \
  -ABIGRAM=01h-05FFh -ARAM=080h-0FFh,0100h-01FFhx5 -ABANK0=080h-0FFh \
  -ABANK1=0100h-01FFh -ABANK2=0200h-02FFh -ABANK3=0300h-03FFh \
  -ABANK4=0400h-04FFh -ABANK5=0500h-05FFh -ASFR=0F80h-0FFFh \
  -ACONFIG=0300000h-030000Dh -AIDLOC=0200000h-0200007h \
  -AEEDATA=0F00000h-0F000FFh -peeprom_data=EEDATA \
  -preset_vec=00h,intcode,intcodelo,powerup,init -pramtop=0600h \
  -psmallconst=SMALLCONST -pmediumconst=MEDIUMCONST -pconst=CONST \
  -AFARRAM=00h-00h \
  -prdata=COMRAM,nvrram=COMRAM,nvbit=COMRAM,rbss=COMRAM,rbit=COMRAM \
  -pfarbss=FARRAM,fardata=FARRAM,nvFARRAM=FARRAM \
  -pintsave_regs=BIGRAM,bigbss=BIGRAM,bigdata=BIGRAM -pbss=RAM \
  -pidata=CODE,irdata=CODE,ibigdata=CODE,ifardata=CODE -prparam=COMRAM \
  C:\Users\alvar\AppData\Local\Temp\xcAsf68.o \
  dist/default/production\Projeto_final.X.production.o 

Object code version is 3.11

Machine type is 18F4520



                Name                               Link     Load   Length Selector   Space Scale
C:\Users\alvar\AppData\Local\Temp\xcAsf68.o
                idloc                            200000   200000        8        0       5
                config                           300000   300000        E        0       4
                init                                  0        0        4        0       0
dist/default/production\Projeto_final.X.production.o
                idloc                            200000   200000        8        0       5
                config                           300000   300000        E        0       4
                smallconst                          600      600       84      300       0
                text30                              684      684      4C0      342       0
                text29                             2266     2266      104      342       0
                text28                              FC2      FC2      42A      342       0
                text27                             2160     2160      106      342       0
                text26                             1B56     1B56      1B4      342       0
                text25                             25E6     25E6       74      342       0
                text24                             2730     2730       64      342       0
                text23                             2980     2980       26      342       0
                text22                             1E96     1E96      17A      342       0
                text21                             2A26     2A26        A      342       0
                text20                             29DA     29DA       18      342       0
                text19                             29A6     29A6       1C      342       0
                text18                             1908     1908      24E      342       0
                text17                             24F0     24F0       7E      342       0
                text16                             28F4     28F4       54      342       0
                text15                             236A     236A       E6      342       0
                text14                             2794     2794       5C      342       0
                text13                             2948     2948       38      342       0
                text12                             13EC     13EC      2CE      342       0
                text11                             265A     265A       6C      342       0
                text10                             27F0     27F0       58      342       0
                text9                              2010     2010      150      342       0
                text8                               B44      B44      47E      342       0
                text7                              2A1C     2A1C        A      342       0
                text6                              16BA     16BA      24E      342       0
                text5                              256E     256E       78      342       0
                text4                              2450     2450       A0      342       0
                text3                              26C6     26C6       6A      342       0
                text2                              2A08     2A08       14      342       0
                text1                              289E     289E       56      342       0
                text0                              1D0A     1D0A      18C      342       0
                cstackCOMRAM                          1        1       50        1       1
                dataBANK0                            80       80       18       80       1
                dataCOMRAM                           51       51       16        1       1
                bssCOMRAM                            67       67        E        1       1
                cinit                              2848     2848       56      342       0
                idataBANK0                         29C2     29C2       18      342       0
                idataCOMRAM                        29F2     29F2       16      342       0

TOTAL           Name                               Link     Load   Length     Space
        CLASS   STACK          

        CLASS   CODE           
                init                                  0        0        4         0
                text30                              684      684      4C0         0
                text29                             2266     2266      104         0
                text28                              FC2      FC2      42A         0
                text27                             2160     2160      106         0
                text26                             1B56     1B56      1B4         0
                text25                             25E6     25E6       74         0
                text24                             2730     2730       64         0
                text23                             2980     2980       26         0
                text22                             1E96     1E96      17A         0
                text21                             2A26     2A26        A         0
                text20                             29DA     29DA       18         0
                text19                             29A6     29A6       1C         0
                text18                             1908     1908      24E         0
                text17                             24F0     24F0       7E         0
                text16                             28F4     28F4       54         0
                text15                             236A     236A       E6         0
                text14                             2794     2794       5C         0
                text13                             2948     2948       38         0
                text12                             13EC     13EC      2CE         0
                text11                             265A     265A       6C         0
                text10                             27F0     27F0       58         0
                text9                              2010     2010      150         0
                text8                               B44      B44      47E         0
                text7                              2A1C     2A1C        A         0
                text6                              16BA     16BA      24E         0
                text5                              256E     256E       78         0
                text4                              2450     2450       A0         0
                text3                              26C6     26C6       6A         0
                text2                              2A08     2A08       14         0
                text1                              289E     289E       56         0
                text0                              1D0A     1D0A      18C         0
                cinit                              2848     2848       56         0
                idataBANK0                         29C2     29C2       18         0
                idataCOMRAM                        29F2     29F2       16         0

        CLASS   CONST          

        CLASS   SMALLCONST     
                smallconst                          600      600       84         0

        CLASS   MEDIUMCONST    

        CLASS   COMRAM         
                cstackCOMRAM                          1        1       50         1
                dataCOMRAM                           51       51       16         1
                bssCOMRAM                            67       67        E         1

        CLASS   ABS1           

        CLASS   BIGRAM         

        CLASS   RAM            

        CLASS   BANK0          
                dataBANK0                            80       80       18         1

        CLASS   BANK1          

        CLASS   BANK2          

        CLASS   BANK3          

        CLASS   BANK4          

        CLASS   BANK5          

        CLASS   SFR            

        CLASS   CONFIG         
                config                           300000   300000        E         4

        CLASS   IDLOC          
                idloc                            200000   200000        8         5

        CLASS   EEDATA         

        CLASS   FARRAM         



SEGMENTS        Name                           Load    Length   Top    Selector   Space  Class

                reset_vec                      000000  000004  000004         0       0  CODE    
                cstackCOMRAM                   000001  000074  000075         1       1  COMRAM  
                dataBANK0                      000080  000018  000098        80       1  BANK0   
                smallconst                     000600  000084  000684       300       0  SMALLCON
                text30                         000684  0023AC  002A30       342       0  CODE    


UNUSED ADDRESS RANGES

        Name                Unused          Largest block    Delta
        BANK0            000098-0000FF               68
        BANK1            000100-0001FF              100
        BANK2            000200-0002FF              100
        BANK3            000300-0003FF              100
        BANK4            000400-0004FF              100
        BANK5            000500-0005FF              100
        BIGRAM           000075-00007F                B
                         000098-0005FF              568
        CODE             000004-0005FF              5FC
                         002A30-007FFF             55D0
        COMRAM           000075-00007F                B
        CONST            000004-0005FF              5FC
                         002A30-007FFF             55D0
        EEDATA           F00000-F000FF              100
        MEDIUMCONST      002A30-007FFF             55D0
        RAM              000098-0005FF              100
        SFR              000F80-000FFF               80
        SMALLCONST       002A30-007FFF              100
        STACK            000098-0005FF              568

                                  Symbol Table

?___fladd                  cstackCOMRAM 000001
?___flmul                  cstackCOMRAM 00000F
?___fltol                  cstackCOMRAM 000028
?___lwdiv                  cstackCOMRAM 000001
?___lwmod                  cstackCOMRAM 000008
?___wmul                   cstackCOMRAM 000001
?___xxtofl                 cstackCOMRAM 000001
?_kpRead                   cstackCOMRAM 000001
Delay2ms@i                 cstackCOMRAM 000002
Delay40us@i                cstackCOMRAM 000001
_Delay2ms                  text19       0029A6
_Delay40us                 text20       0029DA
_PORTA                     (abs)        000F80
_PORTB                     (abs)        000F81
_PORTC                     (abs)        000F82
_PORTD                     (abs)        000F83
_PORTE                     (abs)        000F84
_TRISA                     (abs)        000F92
_TRISB                     (abs)        000F93
_TRISC                     (abs)        000F94
_TRISD                     (abs)        000F95
_TRISE                     (abs)        000F96
__HRAM                     (abs)        000000
__Habs1                    abs1         000000
__Hbank0                   bank0        000000
__Hbank1                   bank1        000000
__Hbank2                   bank2        000000
__Hbank3                   bank3        000000
__Hbank4                   bank4        000000
__Hbank5                   bank5        000000
__Hbigbss                  bigbss       000000
__Hbigdata                 bigdata      000000
__Hbigram                  bigram       000000
__Hbss                     bss          000000
__HbssCOMRAM               bssCOMRAM    000000
__Hcinit                   cinit        000000
__Hclrtext                 clrtext      000000
__Hcomram                  comram       000000
__Hconfig                  config       30000E
__Hconst                   const        000000
__HcstackCOMRAM            cstackCOMRAM 000000
__Hdata                    data         000000
__HdataBANK0               dataBANK0    000000
__HdataCOMRAM              dataCOMRAM   000000
__Heeprom_data             eeprom_data  000000
__Hfarbss                  farbss       000000
__Hfardata                 fardata      000000
__Hibigdata                ibigdata     000000
__Hidata                   idata        000000
__HidataBANK0              idataBANK0   000000
__HidataCOMRAM             idataCOMRAM  000000
__Hidloc                   idloc        200008
__Hifardata                ifardata     000000
__Hinit                    init         000004
__Hintcode                 intcode      000000
__Hintcode_body            intcode_body 000000
__Hintcodelo               intcodelo    000000
__Hintentry                intentry     000000
__Hintret                  intret       000000
__Hintsave_regs            intsave_regs 000000
__Hirdata                  irdata       000000
__Hmediumconst             mediumconst  000000
__HnvFARRAM                nvFARRAM     000000
__Hnvbit                   nvbit        000000
__Hnvrram                  nvrram       000000
__Hparam                   rparam       000000
__Hpowerup                 powerup      000000
__Hram                     ram          000000
__Hramtop                  ramtop       000600
__Hrbit                    rbit         000000
__Hrbss                    rbss         000000
__Hrdata                   rdata        000000
__Hreset_vec               reset_vec    000000
__Hrparam                  rparam       000000
__Hsfr                     sfr          000000
__Hsmallconst              smallconst   000684
__Hspace_0                 (abs)        002A30
__Hspace_1                 (abs)        000098
__Hspace_2                 (abs)        000000
__Hspace_4                 (abs)        60000E
__Hstack                   stack        000000
__Hstruct                  struct       000000
__Htemp                    temp         000000
__Htext                    text         000000
__Htext0                   text0        000000
__Htext1                   text1        000000
__Htext10                  text10       000000
__Htext11                  text11       000000
__Htext12                  text12       000000
__Htext13                  text13       000000
__Htext14                  text14       000000
__Htext15                  text15       000000
__Htext16                  text16       000000
__Htext17                  text17       000000
__Htext18                  text18       000000
__Htext19                  text19       000000
__Htext2                   text2        000000
__Htext20                  text20       000000
__Htext21                  text21       000000
__Htext22                  text22       000000
__Htext23                  text23       000000
__Htext24                  text24       000000
__Htext25                  text25       000000
__Htext26                  text26       000000
__Htext27                  text27       000000
__Htext28                  text28       000000
__Htext29                  text29       000000
__Htext3                   text3        000000
__Htext30                  text30       000000
__Htext4                   text4        000000
__Htext5                   text5        000000
__Htext6                   text6        000000
__Htext7                   text7        000000
__Htext8                   text8        000000
__Htext9                   text9        000000
__LRAM                     (abs)        000001
__Labs1                    abs1         000000
__Lbank0                   bank0        000000
__Lbank1                   bank1        000000
__Lbank2                   bank2        000000
__Lbank3                   bank3        000000
__Lbank4                   bank4        000000
__Lbank5                   bank5        000000
__Lbigbss                  bigbss       000000
__Lbigdata                 bigdata      000000
__Lbigram                  bigram       000000
__Lbss                     bss          000000
__LbssCOMRAM               bssCOMRAM    000000
__Lcinit                   cinit        000000
__Lclrtext                 clrtext      000000
__Lcomram                  comram       000000
__Lconfig                  config       000000
__Lconst                   const        000000
__LcstackCOMRAM            cstackCOMRAM 000000
__Ldata                    data         000000
__LdataBANK0               dataBANK0    000000
__LdataCOMRAM              dataCOMRAM   000000
__Leeprom_data             eeprom_data  000000
__Lfarbss                  farbss       000000
__Lfardata                 fardata      000000
__Libigdata                ibigdata     000000
__Lidata                   idata        000000
__LidataBANK0              idataBANK0   000000
__LidataCOMRAM             idataCOMRAM  000000
__Lidloc                   idloc        000000
__Lifardata                ifardata     000000
__Linit                    init         000000
__Lintcode                 intcode      000000
__Lintcode_body            intcode_body 000000
__Lintcodelo               intcodelo    000000
__Lintentry                intentry     000000
__Lintret                  intret       000000
__Lintsave_regs            intsave_regs 000000
__Lirdata                  irdata       000000
__Lmediumconst             mediumconst  000000
__LnvFARRAM                nvFARRAM     000000
__Lnvbit                   nvbit        000000
__Lnvrram                  nvrram       000000
__Lparam                   rparam       000000
__Lpowerup                 powerup      000000
__Lram                     ram          000000
__Lramtop                  ramtop       000600
__Lrbit                    rbit         000000
__Lrbss                    rbss         000000
__Lrdata                   rdata        000000
__Lreset_vec               reset_vec    000000
__Lrparam                  rparam       000000
__Lsfr                     sfr          000000
__Lsmallconst              smallconst   000600
__Lspace_0                 (abs)        000000
__Lspace_1                 (abs)        000000
__Lspace_2                 (abs)        000000
__Lspace_4                 (abs)        000000
__Lstack                   stack        000000
__Lstruct                  struct       000000
__Ltemp                    temp         000000
__Ltext                    text         000000
__Ltext0                   text0        000000
__Ltext1                   text1        000000
__Ltext10                  text10       000000
__Ltext11                  text11       000000
__Ltext12                  text12       000000
__Ltext13                  text13       000000
__Ltext14                  text14       000000
__Ltext15                  text15       000000
__Ltext16                  text16       000000
__Ltext17                  text17       000000
__Ltext18                  text18       000000
__Ltext19                  text19       000000
__Ltext2                   text2        000000
__Ltext20                  text20       000000
__Ltext21                  text21       000000
__Ltext22                  text22       000000
__Ltext23                  text23       000000
__Ltext24                  text24       000000
__Ltext25                  text25       000000
__Ltext26                  text26       000000
__Ltext27                  text27       000000
__Ltext28                  text28       000000
__Ltext29                  text29       000000
__Ltext3                   text3        000000
__Ltext30                  text30       000000
__Ltext4                   text4        000000
__Ltext5                   text5        000000
__Ltext6                   text6        000000
__Ltext7                   text7        000000
__Ltext8                   text8        000000
__Ltext9                   text9        000000
__S0                       (abs)        002A30
__S1                       (abs)        000098
__S2                       (abs)        000000
__S4                       (abs)        000000
__S5                       (abs)        000000
___fladd                   text30       000684
___fladd@a                 cstackCOMRAM 000005
___fladd@aexp              cstackCOMRAM 00000E
___fladd@b                 cstackCOMRAM 000001
___fladd@bexp              cstackCOMRAM 00000F
___fladd@grs               cstackCOMRAM 000010
___fladd@signs             cstackCOMRAM 00000D
___flge                    text29       002266
___flge@ff1                cstackCOMRAM 000001
___flge@ff2                cstackCOMRAM 000005
___flmul                   text28       000FC2
___flmul@a                 cstackCOMRAM 000013
___flmul@aexp              cstackCOMRAM 000020
___flmul@b                 cstackCOMRAM 00000F
___flmul@bexp              cstackCOMRAM 000021
___flmul@grs               cstackCOMRAM 00001C
___flmul@prod              cstackCOMRAM 000022
___flmul@sign              cstackCOMRAM 00001B
___flmul@temp              cstackCOMRAM 000026
___fltol                   text27       002160
___fltol@exp1              cstackCOMRAM 000031
___fltol@f1                cstackCOMRAM 000028
___fltol@sign1             cstackCOMRAM 000030
___inthi_sp                stack        000000
___intlo_sp                stack        000000
___lwdiv                   text25       0025E6
___lwdiv@counter           cstackCOMRAM 000007
___lwdiv@dividend          cstackCOMRAM 000001
___lwdiv@divisor           cstackCOMRAM 000003
___lwdiv@quotient          cstackCOMRAM 000005
___lwmod                   text24       002730
___lwmod@counter           cstackCOMRAM 00000C
___lwmod@dividend          cstackCOMRAM 000008
___lwmod@divisor           cstackCOMRAM 00000A
___param_bank              (abs)        000000
___rparam_used             (abs)        000001
___sp                      stack        000000
___wmul                    text23       002980
___wmul@multiplicand       cstackCOMRAM 000003
___wmul@multiplier         cstackCOMRAM 000001
___wmul@product            cstackCOMRAM 000005
___xxtofl                  text26       001B56
___xxtofl@arg              cstackCOMRAM 00000B
___xxtofl@exp              cstackCOMRAM 00000A
___xxtofl@sign             cstackCOMRAM 000009
___xxtofl@val              cstackCOMRAM 000001
__accesstop                (abs)        000080
__activetblptr             (abs)        000002
__end_of_Delay2ms          text19       0029C2
__end_of_Delay40us         text20       0029F2
__end_of___fladd           text30       000B44
__end_of___flge            text29       00236A
__end_of___flmul           text28       0013EC
__end_of___fltol           text27       002266
__end_of___lwdiv           text25       00265A
__end_of___lwmod           text24       002794
__end_of___wmul            text23       0029A6
__end_of___xxtofl          text26       001D0A
__end_of__initialization   cinit        002894
__end_of_abastece          text8        000FC2
__end_of_digitalWrite      text18       001B56
__end_of_kpDebounce        text22       002010
__end_of_kpInit            text7        002A26
__end_of_kpRead            text21       002A30
__end_of_lcdCommand        text17       00256E
__end_of_lcdData           text16       002948
__end_of_lcdInit           text5        0025E6
__end_of_ledInicial        text4        0024F0
__end_of_main              text0        001E96
__end_of_mensagemInicial   text3        002730
__end_of_pinMode           text6        001908
__end_of_posAbastece       text12       0016BA
__end_of_printf            text15       002450
__end_of_pwmInit           text2        002A1C
__end_of_pwmSet1           text11       0026C6
__end_of_segundo           text13       002980
__end_of_ssdDigit          text10       002848
__end_of_ssdInit           text1        0028F4
__end_of_ssdUpdate         text9        002160
__end_of_tempo             text14       0027F0
__end_of_valor@ssd$F211    smallconst   000611
__initialization           cinit        002848
__mediumconst              mediumconst  000000
__pbssCOMRAM               bssCOMRAM    000067
__pcinit                   cinit        002848
__pcstackCOMRAM            cstackCOMRAM 000001
__pdataBANK0               dataBANK0    000080
__pdataCOMRAM              dataCOMRAM   000051
__pidataBANK0              idataBANK0   0029C2
__pidataCOMRAM             idataCOMRAM  0029F2
__psmallconst              smallconst   000600
__ptext0                   text0        001D0A
__ptext1                   text1        00289E
__ptext10                  text10       0027F0
__ptext11                  text11       00265A
__ptext12                  text12       0013EC
__ptext13                  text13       002948
__ptext14                  text14       002794
__ptext15                  text15       00236A
__ptext16                  text16       0028F4
__ptext17                  text17       0024F0
__ptext18                  text18       001908
__ptext19                  text19       0029A6
__ptext2                   text2        002A08
__ptext20                  text20       0029DA
__ptext21                  text21       002A26
__ptext22                  text22       001E96
__ptext23                  text23       002980
__ptext24                  text24       002730
__ptext25                  text25       0025E6
__ptext26                  text26       001B56
__ptext27                  text27       002160
__ptext28                  text28       000FC2
__ptext29                  text29       002266
__ptext3                   text3        0026C6
__ptext30                  text30       000684
__ptext4                   text4        002450
__ptext5                   text5        00256E
__ptext6                   text6        0016BA
__ptext7                   text7        002A1C
__ptext8                   text8        000B44
__ptext9                   text9        002010
__ramtop                   ramtop       000600
__size_of_Delay2ms         (abs)        000000
__size_of_Delay40us        (abs)        000000
__size_of___fladd          (abs)        000000
__size_of___flge           (abs)        000000
__size_of___flmul          (abs)        000000
__size_of___fltol          (abs)        000000
__size_of___lwdiv          (abs)        000000
__size_of___lwmod          (abs)        000000
__size_of___wmul           (abs)        000000
__size_of___xxtofl         (abs)        000000
__size_of_abastece         (abs)        000000
__size_of_digitalWrite     (abs)        000000
__size_of_kpDebounce       (abs)        000000
__size_of_kpInit           (abs)        000000
__size_of_kpRead           (abs)        000000
__size_of_lcdCommand       (abs)        000000
__size_of_lcdData          (abs)        000000
__size_of_lcdInit          (abs)        000000
__size_of_ledInicial       (abs)        000000
__size_of_main             (abs)        000000
__size_of_mensagemInicial  (abs)        000000
__size_of_pinMode          (abs)        000000
__size_of_posAbastece      (abs)        000000
__size_of_printf           (abs)        000000
__size_of_pwmInit          (abs)        000000
__size_of_pwmSet1          (abs)        000000
__size_of_segundo          (abs)        000000
__size_of_ssdDigit         (abs)        000000
__size_of_ssdInit          (abs)        000000
__size_of_ssdUpdate        (abs)        000000
__size_of_tempo            (abs)        000000
__smallconst               smallconst   000600
_abastece                  text8        000B44
_digitalWrite              text18       001908
_display                   bssCOMRAM    000073
_kpDebounce                text22       001E96
_kpInit                    text7        002A1C
_kpRead                    text21       002A26
_lcdCommand                text17       0024F0
_lcdData                   text16       0028F4
_lcdInit                   text5        00256E
_ledInicial                text4        002450
_litro                     bssCOMRAM    000067
_main                      text0        001D0A
_mensagemInicial           text3        0026C6
_pinMode                   text6        0016BA
_posAbastece               text12       0013EC
_printf                    text15       00236A
_pwmInit                   text2        002A08
_pwmSet1                   text11       00265A
_segundo                   text13       002948
_ssdDigit                  text10       0027F0
_ssdInit                   text1        00289E
_ssdUpdate                 text9        002010
_tempo                     text14       002794
_v0                        bssCOMRAM    000072
_v1                        bssCOMRAM    000071
_v2                        bssCOMRAM    000070
_v3                        bssCOMRAM    00006F
_valor                     bssCOMRAM    00006D
_valor@ssd$F211            smallconst   000601
abastece@F2401             dataCOMRAM   000060
abastece@i                 cstackCOMRAM 000044
abastece@indice            cstackCOMRAM 000036
abastece@j                 cstackCOMRAM 000048
abastece@litroTotal        cstackCOMRAM 000042
abastece@preco             cstackCOMRAM 000049
abastece@total             cstackCOMRAM 00003B
abastece@valor             cstackCOMRAM 000032
digitalWrite@pin           cstackCOMRAM 000001
digitalWrite@value         cstackCOMRAM 000003
end_of_initialization      cinit        002894
intlevel0                  text         000000
intlevel1                  text         000000
intlevel2                  text         000000
intlevel3                  text         000000
isa$std                    (abs)        000001
isa$xinst                  (abs)        000000
kpDebounce@i               cstackCOMRAM 00000A
kpDebounce@j               cstackCOMRAM 000009
kpDebounce@k               cstackCOMRAM 000007
kpDebounce@old_D           cstackCOMRAM 000006
kpDebounce@tempo           bssCOMRAM    000074
kpDebounce@valorAntigo     bssCOMRAM    000069
kpDebounce@valorNovo       bssCOMRAM    00006B
lcdCommand@cmd             cstackCOMRAM 000008
lcdCommand@old_D           cstackCOMRAM 000007
lcdData@old_D              cstackCOMRAM 000008
lcdData@valor              cstackCOMRAM 000007
main@i                     cstackCOMRAM 00004B
main@tecla                 cstackCOMRAM 00004F
mensagemInicial@F2392      dataBANK0    000080
mensagemInicial@i          cstackCOMRAM 000029
mensagemInicial@msgInicial cstackCOMRAM 000011
pinMode@pin                cstackCOMRAM 000001
pinMode@type               cstackCOMRAM 000003
posAbastece@F2407          dataCOMRAM   000059
posAbastece@F2409          dataCOMRAM   000051
posAbastece@continuar      cstackCOMRAM 000024
posAbastece@i              cstackCOMRAM 000025
posAbastece@litroTotal     cstackCOMRAM 000013
posAbastece@preco          cstackCOMRAM 000011
posAbastece@totalL         cstackCOMRAM 000015
posAbastece@totalP         cstackCOMRAM 00001D
printf@i                   cstackCOMRAM 00000F
printf@linha               cstackCOMRAM 00000D
printf@msg                 cstackCOMRAM 000009
pwmSet1@porcento           cstackCOMRAM 00000A
pwmSet1@val                cstackCOMRAM 00000B
segundo@i                  cstackCOMRAM 000006
segundo@s                  cstackCOMRAM 000005
ssdDigit@pos               cstackCOMRAM 00000D
ssdDigit@val               cstackCOMRAM 00000E
stackhi                    (abs)        0005FF
stacklo                    (abs)        000098
start                      init         000000
start_initialization       cinit        002848
tempo@i                    cstackCOMRAM 000002
tempo@j                    cstackCOMRAM 000003
tempo@k                    cstackCOMRAM 000004
tempo@ms                   cstackCOMRAM 000001


MODULE INFORMATION

Module		Function		Class		Link	Load	Size
ssd.c
		_ssdInit       		CODE           	289E	0000	86
		_ssdDigit      		CODE           	27F0	0000	88
		_ssdUpdate     		CODE           	2010	0000	336

ssd.c estimated size: 510

C:\Program Files\Microchip\xc8\v2.32\pic\sources\c99\common\sprcadd.c
		___fladd       		CODE           	0684	0000	1216

C:\Program Files\Microchip\xc8\v2.32\pic\sources\c99\common\sprcadd.c estimated size: 1216

delay.c
		_segundo       		CODE           	2948	0000	56
		_tempo         		CODE           	2794	0000	92

delay.c estimated size: 148

keypad.c
		_kpInit        		CODE           	2A1C	0000	10
		_kpDebounce    		CODE           	1E96	0000	378
		_kpRead        		CODE           	2A26	0000	10

keypad.c estimated size: 398

io.c
		_digitalWrite  		CODE           	1908	0000	590
		_pinMode       		CODE           	16BA	0000	590

io.c estimated size: 1180

pwm.c
		_pwmInit       		CODE           	2A08	0000	20
		_pwmSet1       		CODE           	265A	0000	108

pwm.c estimated size: 128

C:\Program Files\Microchip\xc8\v2.32\pic\sources\c99\common\lwmod.c
		___lwmod       		CODE           	2730	0000	100

C:\Program Files\Microchip\xc8\v2.32\pic\sources\c99\common\lwmod.c estimated size: 100

C:\Program Files\Microchip\xc8\v2.32\pic\sources\c99\common\Umul16.c
		___wmul        		CODE           	2980	0000	38

C:\Program Files\Microchip\xc8\v2.32\pic\sources\c99\common\Umul16.c estimated size: 38

shared
		_valor@ssd$F211		SMALLCONST     	0601	0000	16
		__initialization		CODE           	2848	0000	76

shared estimated size: 92

C:\Program Files\Microchip\xc8\v2.32\pic\sources\c99\common\sprcmul.c
		___flmul       		CODE           	0FC2	0000	1066

C:\Program Files\Microchip\xc8\v2.32\pic\sources\c99\common\sprcmul.c estimated size: 1066

stdio.c
		_printf        		CODE           	236A	0000	230

stdio.c estimated size: 230

C:\Program Files\Microchip\xc8\v2.32\pic\sources\c99\common\lwdiv.c
		___lwdiv       		CODE           	25E6	0000	116

C:\Program Files\Microchip\xc8\v2.32\pic\sources\c99\common\lwdiv.c estimated size: 116

posto.c
		_abastece      		CODE           	0B44	0000	1150
		_ledInicial    		CODE           	2450	0000	160
		_mensagemInicial		CODE           	26C6	0000	106
		_posAbastece   		CODE           	13EC	0000	718

posto.c estimated size: 2134

lcd.c
		_lcdCommand    		CODE           	24F0	0000	126
		_Delay40us     		CODE           	29DA	0000	24
		_lcdInit       		CODE           	256E	0000	120
		_lcdData       		CODE           	28F4	0000	84
		_Delay2ms      		CODE           	29A6	0000	28

lcd.c estimated size: 382

C:\Program Files\Microchip\xc8\v2.32\pic\sources\c99\common\fltol.c
		___fltol       		CODE           	2160	0000	262

C:\Program Files\Microchip\xc8\v2.32\pic\sources\c99\common\fltol.c estimated size: 262

C:\Program Files\Microchip\xc8\v2.32\pic\sources\c99\common\xxtofl.c
		___xxtofl      		CODE           	1B56	0000	436

C:\Program Files\Microchip\xc8\v2.32\pic\sources\c99\common\xxtofl.c estimated size: 436

main.c
		_main          		CODE           	1D0A	0000	396

main.c estimated size: 396

C:\Program Files\Microchip\xc8\v2.32\pic\sources\c99\common\flge.c
		___flge        		CODE           	2266	0000	260

C:\Program Files\Microchip\xc8\v2.32\pic\sources\c99\common\flge.c estimated size: 260

